> Task :app:ktfmtCheckAndroidTest
> Task :app:ktfmtCheckAndroidTestDebug NO-SOURCE
> Task :app:ktfmtCheckAndroidTestRelease NO-SOURCE
> Task :app:ktfmtCheckDebug NO-SOURCE
> Task :app:ktfmtCheckMain
> Task :app:ktfmtCheckRelease NO-SOURCE
> Task :app:ktfmtCheckScripts
> Task :app:ktfmtCheckTest
> Task :app:ktfmtCheckTestDebug NO-SOURCE
> Task :app:ktfmtCheckTestFixtures NO-SOURCE
> Task :app:ktfmtCheckTestFixturesDebug NO-SOURCE
> Task :app:ktfmtCheckTestFixturesRelease NO-SOURCE
> Task :app:ktfmtCheckTestRelease NO-SOURCE
> Task :app:preBuild UP-TO-DATE
> Task :app:preDebugBuild UP-TO-DATE
> Task :app:generateDebugResources
> Task :app:packageDebugResources
> Task :app:processDebugNavigationResources
> Task :app:javaPreCompileDebug
> Task :app:mapDebugSourceSetPaths
> Task :app:compileDebugNavigationResources
> Task :app:parseDebugLocalResources
> Task :app:checkDebugAarMetadata
> Task :app:createDebugCompatibleScreenManifests
> Task :app:extractDeepLinksDebug
> Task :app:generateDebugRFile
> Task :app:mergeDebugResources
> Task :app:processDebugMainManifest
> Task :app:processDebugManifest
> Task :app:preDebugAndroidTestBuild SKIPPED
> Task :app:generateDebugAndroidTestResources
> Task :app:packageDebugAndroidTestResources
> Task :app:processDebugAndroidTestNavigationResources
> Task :app:ktfmtCheck
> Task :app:preDebugUnitTestBuild UP-TO-DATE
> Task :app:javaPreCompileDebugUnitTest
> Task :app:extractProguardFiles
> Task :app:processDebugManifestForPackage
> Task :app:parseDebugAndroidTestLocalResources
> Task :app:generateDebugAndroidTestRFile
> Task :app:processDebugResources
> Task :app:compileDebugKotlin
> Task :app:compileDebugJavaWithJavac NO-SOURCE
> Task :app:processDebugJavaRes
> Task :app:bundleDebugClassesToCompileJar
> Task :app:bundleDebugClassesToRuntimeJar
> Task :app:generateDebugLintReportModel
> Task :app:generateDebugAndroidTestLintModel
> Task :app:generateDebugUnitTestLintModel
> Task :app:compileDebugUnitTestKotlin
> Task :app:compileDebugUnitTestJavaWithJavac NO-SOURCE
> Task :app:processDebugUnitTestJavaRes
> Task :app:compileDebugAndroidTestKotlin
> Task :app:lintAnalyzeDebugUnitTest
> Task :app:testDebugUnitTest
> Task :app:lintAnalyzeDebugAndroidTest
> Task :app:lintAnalyzeDebug
> Task :app:lintReportDebug
> Task :app:lintDebug

[Incubating] Problems report is available at: file:///Users/azusachino/Projects/project-github/harus-workstation/.tmp/cappuccino-pi-workspace-prototype/android/build/reports/problems/problems-report.html

Deprecated Gradle features were used in this build, making it incompatible with Gradle 10.

You can use '--warning-mode all' to show the individual deprecation warnings and determine if they come from your own scripts or plugins.

For more on this, please refer to https://docs.gradle.org/9.8.0/userguide/command_line_interface.html#sec:command_line_warnings in the Gradle documentation.

BUILD SUCCESSFUL in 6s
43 actionable tasks: 43 executed
Consider enabling configuration cache to speed up this build: https://docs.gradle.org/9.8.0/userguide/configuration_cache_enabling.html
